// Jest Snapshot v1, https://goo.gl/fbAQLP

exports[`Tests the Header component renders the Header component 1`] = `ShallowWrapper {}`;

exports[`Tests the Header component renders the Header component 2`] = `ShallowWrapper {}`;
