// Jest Snapshot v1, https://goo.gl/fbAQLP

exports[`Tests the Footer component renders the Footer component 1`] = `ShallowWrapper {}`;

exports[`Tests the Footer component renders the Footer component 2`] = `ShallowWrapper {}`;
