// Jest Snapshot v1, https://goo.gl/fbAQLP

exports[`Tests the About component renders the About component 1`] = `ShallowWrapper {}`;
