// Jest Snapshot v1, https://goo.gl/fbAQLP

exports[`Tests the Resume component renders the Resume component 1`] = `ShallowWrapper {}`;
